Γ£ù Build failed in 312ms
error during build:
[vite:esbuild] Transform failed with 1 error:
N:/GBS/website/src/components/ZarifyDeepDive.jsx:48:54: ERROR: Expected "}" but found "ll"
file: N:/GBS/website/src/components/ZarifyDeepDive.jsx:48:54

Expected "}" but found "ll"
46 |        num: '1',
47 |        title: 'Request a Free Cost Analysis',
48 |        desc: 'Share your recent import invoices and we'll run them through Zarify's engine to show your exact savings ...
   |                                                        ^
49 |        icon: '≡ƒôè',
50 |      },

    at failureErrorWithLog (N:\GBS\website\node_modules\esbuild\lib\main.js:1467:15)
    at N:\GBS\website\node_modules\esbuild\lib\main.js:736:50
    at responseCallbacks.<computed> (N:\GBS\website\node_modules\esbuild\lib\main.js:603:9)
    at handleIncomingPacket (N:\GBS\website\node_modules\esbuild\lib\main.js:658:12)
    at Socket.readFromStdout (N:\GBS\website\node_modules\esbuild\lib\main.js:581:7)
    at Socket.emit (node:events:508:28)
    at addChunk (node:internal/streams/readable:559:12)
    at readableAddChunkPushByteMode (node:internal/streams/readable:510:3)
    at Readable.push (node:internal/streams/readable:390:5)
    at Pipe.onStreamRead (node:internal/stream_base_commons:189:23)
